// Jest Snapshot v1, https://goo.gl/fbAQLP

exports[`Button component should render Button 1`] = `
<DocumentFragment>
  <button
    class="button"
    type="button"
  />
</DocumentFragment>
`;
