// Jest Snapshot v1, https://goo.gl/fbAQLP

exports[`Spinner component should not render Spinner if show is set to false 1`] = `<DocumentFragment />`;

exports[`Spinner component should render Spinner if show is set to true 1`] = `
<DocumentFragment>
  <div
    class="spinner"
  >
    <div />
    <div />
    <div />
    <div />
  </div>
</DocumentFragment>
`;
